This is pdfTeX, Version 3.14159265-2.6-1.40.20 (MiKTeX 2.9.7050) (preloaded format=pdflatex 2019.10.9)  26 OCT 2020 15:55
entering extended mode
**./draftforce_final.tex
(draftforce_final.tex
LaTeX2e <2019-10-01>

("/Users/stratos/Library/Application Support/MiKTeX/texmfs/install/tex/latex/ba
se/article.cls"
Document Class: article 2019/08/27 v1.4j Standard LaTeX document class

("/Users/stratos/Library/Application Support/MiKTeX/texmfs/install/tex/latex/ba
se/size11.clo"
File: size11.clo 2019/08/27 v1.4j Standard LaTeX file (size option)
)
\c@part=\count80
\c@section=\count81
\c@subsection=\count82
\c@subsubsection=\count83
\c@paragraph=\count84
\c@subparagraph=\count85
\c@figure=\count86
\c@table=\count87
\abovecaptionskip=\skip41
\belowcaptionskip=\skip42
\bibindent=\dimen102
)
("/Users/stratos/Library/Application Support/MiKTeX/texmfs/install/tex/latex/pr
eprint/authblk.sty"
Package: authblk 2001/02/27 1.3 (PWD)
\affilsep=\skip43
\@affilsep=\skip44
\c@Maxaffil=\count88
\c@authors=\count89
\c@affil=\count90
)
("/Users/stratos/Library/Application Support/MiKTeX/texmfs/install/tex/latex/gr
aphics/graphicx.sty"
Package: graphicx 2017/06/01 v1.1a Enhanced LaTeX Graphics (DPC,SPQR)

("/Users/stratos/Library/Application Support/MiKTeX/texmfs/install/tex/latex/gr
aphics/keyval.sty"
Package: keyval 2014/10/28 v1.15 key=value parser (DPC)
\KV@toks@=\toks14
)
("/Users/stratos/Library/Application Support/MiKTeX/texmfs/install/tex/latex/gr
aphics/graphics.sty"
Package: graphics 2019/07/20 v1.3b Standard LaTeX Graphics (DPC,SPQR)

("/Users/stratos/Library/Application Support/MiKTeX/texmfs/install/tex/latex/gr
aphics/trig.sty"
Package: trig 2016/01/03 v1.10 sin cos tan (DPC)
)
("/Users/stratos/Library/Application Support/MiKTeX/texmfs/install/tex/latex/gr
aphics-cfg/graphics.cfg"
File: graphics.cfg 2016/06/04 v1.11 sample graphics configuration
)
Package graphics Info: Driver file: pdftex.def on input line 105.

("/Users/stratos/Library/Application Support/MiKTeX/texmfs/install/tex/latex/gr
aphics-def/pdftex.def"
File: pdftex.def 2018/01/08 v1.0l Graphics/color driver for pdftex
))
\Gin@req@height=\dimen103
\Gin@req@width=\dimen104
)
("/Users/stratos/Library/Application Support/MiKTeX/texmfs/install/tex/latex/xc
olor/xcolor.sty"
Package: xcolor 2016/05/11 v2.12 LaTeX color extensions (UK)

("/Users/stratos/Library/Application Support/MiKTeX/texmfs/install/tex/latex/gr
aphics-cfg/color.cfg"
File: color.cfg 2016/01/02 v1.6 sample color configuration
)
Package xcolor Info: Driver file: pdftex.def on input line 225.
Package xcolor Info: Model `cmy' substituted by `cmy0' on input line 1348.
Package xcolor Info: Model `hsb' substituted by `rgb' on input line 1352.
Package xcolor Info: Model `RGB' extended on input line 1364.
Package xcolor Info: Model `HTML' substituted by `rgb' on input line 1366.
Package xcolor Info: Model `Hsb' substituted by `hsb' on input line 1367.
Package xcolor Info: Model `tHsb' substituted by `hsb' on input line 1368.
Package xcolor Info: Model `HSB' substituted by `hsb' on input line 1369.
Package xcolor Info: Model `Gray' substituted by `gray' on input line 1370.
Package xcolor Info: Model `wave' substituted by `hsb' on input line 1371.
)
("/Users/stratos/Library/Application Support/MiKTeX/texmfs/install/tex/latex/am
smath/amstext.sty"
Package: amstext 2000/06/29 v2.01 AMS text

("/Users/stratos/Library/Application Support/MiKTeX/texmfs/install/tex/latex/am
smath/amsgen.sty"
File: amsgen.sty 1999/11/30 v2.0 generic functions
\@emptytoks=\toks15
\ex@=\dimen105
))
("/Users/stratos/Library/Application Support/MiKTeX/texmfs/install/tex/latex/ca
ption/caption.sty"
Package: caption 2019/09/01 v3.3d Customizing captions (AR)

("/Users/stratos/Library/Application Support/MiKTeX/texmfs/install/tex/latex/ca
ption/caption3.sty"
Package: caption3 2019/09/01 v1.8d caption3 kernel (AR)
Package caption3 Info: TeX engine: e-TeX on input line 64.
\captionmargin=\dimen106
\captionmargin@=\dimen107
\captionwidth=\dimen108
\caption@tempdima=\dimen109
\caption@indent=\dimen110
\caption@parindent=\dimen111
\caption@hangindent=\dimen112
)
\c@caption@flags=\count91
\c@ContinuedFloat=\count92
)
("/Users/stratos/Library/Application Support/MiKTeX/texmfs/install/tex/latex/et
oolbox/etoolbox.sty"
Package: etoolbox 2019/09/21 v2.5h e-TeX tools for LaTeX (JAW)
\etb@tempcnta=\count93
)
("/Users/stratos/Library/Application Support/MiKTeX/texmfs/install/tex/latex/ba
se/makeidx.sty"
Package: makeidx 2014/09/29 v1.0m Standard LaTeX package
)
("/Users/stratos/Library/Application Support/MiKTeX/texmfs/install/tex/latex/ca
ncel/cancel.sty"
Package: cancel 2013/04/12 v2.2 Cancel math terms
)
("/Users/stratos/Library/Application Support/MiKTeX/texmfs/install/tex/latex/pg
f/frontendlayer/tikz.sty"
("/Users/stratos/Library/Application Support/MiKTeX/texmfs/install/tex/latex/pg
f/basiclayer/pgf.sty"
("/Users/stratos/Library/Application Support/MiKTeX/texmfs/install/tex/latex/pg
f/utilities/pgfrcs.sty"
("/Users/stratos/Library/Application Support/MiKTeX/texmfs/install/tex/generic/
pgf/utilities/pgfutil-common.tex"
\pgfutil@everybye=\toks16
\pgfutil@tempdima=\dimen113
\pgfutil@tempdimb=\dimen114

("/Users/stratos/Library/Application Support/MiKTeX/texmfs/install/tex/generic/
pgf/utilities/pgfutil-common-lists.tex"))
("/Users/stratos/Library/Application Support/MiKTeX/texmfs/install/tex/generic/
pgf/utilities/pgfutil-latex.def"
\pgfutil@abb=\box27

("/Users/stratos/Library/Application Support/MiKTeX/texmfs/install/tex/latex/ms
/everyshi.sty"
Package: everyshi 2001/05/15 v3.00 EveryShipout Package (MS)
))
("/Users/stratos/Library/Application Support/MiKTeX/texmfs/install/tex/generic/
pgf/utilities/pgfrcs.code.tex"
("/Users/stratos/Library/Application Support/MiKTeX/texmfs/install/tex/generic/
pgf/pgf.revision.tex")
Package: pgfrcs 2019/08/03 v3.1.4b (3.1.4b)
))
Package: pgf 2019/08/03 v3.1.4b (3.1.4b)

("/Users/stratos/Library/Application Support/MiKTeX/texmfs/install/tex/latex/pg
f/basiclayer/pgfcore.sty"
("/Users/stratos/Library/Application Support/MiKTeX/texmfs/install/tex/latex/pg
f/systemlayer/pgfsys.sty"
("/Users/stratos/Library/Application Support/MiKTeX/texmfs/install/tex/generic/
pgf/systemlayer/pgfsys.code.tex"
Package: pgfsys 2019/08/03 v3.1.4b (3.1.4b)

("/Users/stratos/Library/Application Support/MiKTeX/texmfs/install/tex/generic/
pgf/utilities/pgfkeys.code.tex"
\pgfkeys@pathtoks=\toks17
\pgfkeys@temptoks=\toks18

("/Users/stratos/Library/Application Support/MiKTeX/texmfs/install/tex/generic/
pgf/utilities/pgfkeysfiltered.code.tex"
\pgfkeys@tmptoks=\toks19
))
\pgf@x=\dimen115
\pgf@y=\dimen116
\pgf@xa=\dimen117
\pgf@ya=\dimen118
\pgf@xb=\dimen119
\pgf@yb=\dimen120
\pgf@xc=\dimen121
\pgf@yc=\dimen122
\pgf@xd=\dimen123
\pgf@yd=\dimen124
\w@pgf@writea=\write3
\r@pgf@reada=\read1
\c@pgf@counta=\count94
\c@pgf@countb=\count95
\c@pgf@countc=\count96
\c@pgf@countd=\count97
\t@pgf@toka=\toks20
\t@pgf@tokb=\toks21
\t@pgf@tokc=\toks22
\pgf@sys@id@count=\count98

("/Users/stratos/Library/Application Support/MiKTeX/texmfs/install/tex/generic/
pgf/systemlayer/pgf.cfg"
File: pgf.cfg 2019/08/03 v3.1.4b (3.1.4b)
)
Driver file for pgf: pgfsys-pdftex.def

("/Users/stratos/Library/Application Support/MiKTeX/texmfs/install/tex/generic/
pgf/systemlayer/pgfsys-pdftex.def"
File: pgfsys-pdftex.def 2019/08/03 v3.1.4b (3.1.4b)

("/Users/stratos/Library/Application Support/MiKTeX/texmfs/install/tex/generic/
pgf/systemlayer/pgfsys-common-pdf.def"
File: pgfsys-common-pdf.def 2019/08/03 v3.1.4b (3.1.4b)
)))
("/Users/stratos/Library/Application Support/MiKTeX/texmfs/install/tex/generic/
pgf/systemlayer/pgfsyssoftpath.code.tex"
File: pgfsyssoftpath.code.tex 2019/08/03 v3.1.4b (3.1.4b)
\pgfsyssoftpath@smallbuffer@items=\count99
\pgfsyssoftpath@bigbuffer@items=\count100
)
("/Users/stratos/Library/Application Support/MiKTeX/texmfs/install/tex/generic/
pgf/systemlayer/pgfsysprotocol.code.tex"
File: pgfsysprotocol.code.tex 2019/08/03 v3.1.4b (3.1.4b)
))
("/Users/stratos/Library/Application Support/MiKTeX/texmfs/install/tex/generic/
pgf/basiclayer/pgfcore.code.tex"
Package: pgfcore 2019/08/03 v3.1.4b (3.1.4b)

("/Users/stratos/Library/Application Support/MiKTeX/texmfs/install/tex/generic/
pgf/math/pgfmath.code.tex"
("/Users/stratos/Library/Application Support/MiKTeX/texmfs/install/tex/generic/
pgf/math/pgfmathcalc.code.tex"
("/Users/stratos/Library/Application Support/MiKTeX/texmfs/install/tex/generic/
pgf/math/pgfmathutil.code.tex")
("/Users/stratos/Library/Application Support/MiKTeX/texmfs/install/tex/generic/
pgf/math/pgfmathparser.code.tex"
\pgfmath@dimen=\dimen125
\pgfmath@count=\count101
\pgfmath@box=\box28
\pgfmath@toks=\toks23
\pgfmath@stack@operand=\toks24
\pgfmath@stack@operation=\toks25
)
("/Users/stratos/Library/Application Support/MiKTeX/texmfs/install/tex/generic/
pgf/math/pgfmathfunctions.code.tex"
("/Users/stratos/Library/Application Support/MiKTeX/texmfs/install/tex/generic/
pgf/math/pgfmathfunctions.basic.code.tex")
("/Users/stratos/Library/Application Support/MiKTeX/texmfs/install/tex/generic/
pgf/math/pgfmathfunctions.trigonometric.code.tex")
("/Users/stratos/Library/Application Support/MiKTeX/texmfs/install/tex/generic/
pgf/math/pgfmathfunctions.random.code.tex")
("/Users/stratos/Library/Application Support/MiKTeX/texmfs/install/tex/generic/
pgf/math/pgfmathfunctions.comparison.code.tex")
("/Users/stratos/Library/Application Support/MiKTeX/texmfs/install/tex/generic/
pgf/math/pgfmathfunctions.base.code.tex")
("/Users/stratos/Library/Application Support/MiKTeX/texmfs/install/tex/generic/
pgf/math/pgfmathfunctions.round.code.tex")
("/Users/stratos/Library/Application Support/MiKTeX/texmfs/install/tex/generic/
pgf/math/pgfmathfunctions.misc.code.tex")
("/Users/stratos/Library/Application Support/MiKTeX/texmfs/install/tex/generic/
pgf/math/pgfmathfunctions.integerarithmetics.code.tex")))
("/Users/stratos/Library/Application Support/MiKTeX/texmfs/install/tex/generic/
pgf/math/pgfmathfloat.code.tex"
\c@pgfmathroundto@lastzeros=\count102
))
("/Users/stratos/Library/Application Support/MiKTeX/texmfs/install/tex/generic/
pgf/math/pgfint.code.tex")
("/Users/stratos/Library/Application Support/MiKTeX/texmfs/install/tex/generic/
pgf/basiclayer/pgfcorepoints.code.tex"
File: pgfcorepoints.code.tex 2019/08/03 v3.1.4b (3.1.4b)
\pgf@picminx=\dimen126
\pgf@picmaxx=\dimen127
\pgf@picminy=\dimen128
\pgf@picmaxy=\dimen129
\pgf@pathminx=\dimen130
\pgf@pathmaxx=\dimen131
\pgf@pathminy=\dimen132
\pgf@pathmaxy=\dimen133
\pgf@xx=\dimen134
\pgf@xy=\dimen135
\pgf@yx=\dimen136
\pgf@yy=\dimen137
\pgf@zx=\dimen138
\pgf@zy=\dimen139
)
("/Users/stratos/Library/Application Support/MiKTeX/texmfs/install/tex/generic/
pgf/basiclayer/pgfcorepathconstruct.code.tex"
File: pgfcorepathconstruct.code.tex 2019/08/03 v3.1.4b (3.1.4b)
\pgf@path@lastx=\dimen140
\pgf@path@lasty=\dimen141
)
("/Users/stratos/Library/Application Support/MiKTeX/texmfs/install/tex/generic/
pgf/basiclayer/pgfcorepathusage.code.tex"
File: pgfcorepathusage.code.tex 2019/08/03 v3.1.4b (3.1.4b)
\pgf@shorten@end@additional=\dimen142
\pgf@shorten@start@additional=\dimen143
)
("/Users/stratos/Library/Application Support/MiKTeX/texmfs/install/tex/generic/
pgf/basiclayer/pgfcorescopes.code.tex"
File: pgfcorescopes.code.tex 2019/08/03 v3.1.4b (3.1.4b)
\pgfpic=\box29
\pgf@hbox=\box30
\pgf@layerbox@main=\box31
\pgf@picture@serial@count=\count103
)
("/Users/stratos/Library/Application Support/MiKTeX/texmfs/install/tex/generic/
pgf/basiclayer/pgfcoregraphicstate.code.tex"
File: pgfcoregraphicstate.code.tex 2019/08/03 v3.1.4b (3.1.4b)
\pgflinewidth=\dimen144
)
("/Users/stratos/Library/Application Support/MiKTeX/texmfs/install/tex/generic/
pgf/basiclayer/pgfcoretransformations.code.tex"
File: pgfcoretransformations.code.tex 2019/08/03 v3.1.4b (3.1.4b)
\pgf@pt@x=\dimen145
\pgf@pt@y=\dimen146
\pgf@pt@temp=\dimen147
)
("/Users/stratos/Library/Application Support/MiKTeX/texmfs/install/tex/generic/
pgf/basiclayer/pgfcorequick.code.tex"
File: pgfcorequick.code.tex 2019/08/03 v3.1.4b (3.1.4b)
)
("/Users/stratos/Library/Application Support/MiKTeX/texmfs/install/tex/generic/
pgf/basiclayer/pgfcoreobjects.code.tex"
File: pgfcoreobjects.code.tex 2019/08/03 v3.1.4b (3.1.4b)
)
("/Users/stratos/Library/Application Support/MiKTeX/texmfs/install/tex/generic/
pgf/basiclayer/pgfcorepathprocessing.code.tex"
File: pgfcorepathprocessing.code.tex 2019/08/03 v3.1.4b (3.1.4b)
)
("/Users/stratos/Library/Application Support/MiKTeX/texmfs/install/tex/generic/
pgf/basiclayer/pgfcorearrows.code.tex"
File: pgfcorearrows.code.tex 2019/08/03 v3.1.4b (3.1.4b)
\pgfarrowsep=\dimen148
)
("/Users/stratos/Library/Application Support/MiKTeX/texmfs/install/tex/generic/
pgf/basiclayer/pgfcoreshade.code.tex"
File: pgfcoreshade.code.tex 2019/08/03 v3.1.4b (3.1.4b)
\pgf@max=\dimen149
\pgf@sys@shading@range@num=\count104
\pgf@shadingcount=\count105
)
("/Users/stratos/Library/Application Support/MiKTeX/texmfs/install/tex/generic/
pgf/basiclayer/pgfcoreimage.code.tex"
File: pgfcoreimage.code.tex 2019/08/03 v3.1.4b (3.1.4b)

("/Users/stratos/Library/Application Support/MiKTeX/texmfs/install/tex/generic/
pgf/basiclayer/pgfcoreexternal.code.tex"
File: pgfcoreexternal.code.tex 2019/08/03 v3.1.4b (3.1.4b)
\pgfexternal@startupbox=\box32
))
("/Users/stratos/Library/Application Support/MiKTeX/texmfs/install/tex/generic/
pgf/basiclayer/pgfcorelayers.code.tex"
File: pgfcorelayers.code.tex 2019/08/03 v3.1.4b (3.1.4b)
)
("/Users/stratos/Library/Application Support/MiKTeX/texmfs/install/tex/generic/
pgf/basiclayer/pgfcoretransparency.code.tex"
File: pgfcoretransparency.code.tex 2019/08/03 v3.1.4b (3.1.4b)
)
("/Users/stratos/Library/Application Support/MiKTeX/texmfs/install/tex/generic/
pgf/basiclayer/pgfcorepatterns.code.tex"
File: pgfcorepatterns.code.tex 2019/08/03 v3.1.4b (3.1.4b)
)
("/Users/stratos/Library/Application Support/MiKTeX/texmfs/install/tex/generic/
pgf/basiclayer/pgfcorerdf.code.tex"
File: pgfcorerdf.code.tex 2019/08/03 v3.1.4b (3.1.4b)
)))
("/Users/stratos/Library/Application Support/MiKTeX/texmfs/install/tex/generic/
pgf/modules/pgfmoduleshapes.code.tex"
File: pgfmoduleshapes.code.tex 2019/08/03 v3.1.4b (3.1.4b)
\pgfnodeparttextbox=\box33
)
("/Users/stratos/Library/Application Support/MiKTeX/texmfs/install/tex/generic/
pgf/modules/pgfmoduleplot.code.tex"
File: pgfmoduleplot.code.tex 2019/08/03 v3.1.4b (3.1.4b)
)
("/Users/stratos/Library/Application Support/MiKTeX/texmfs/install/tex/latex/pg
f/compatibility/pgfcomp-version-0-65.sty"
Package: pgfcomp-version-0-65 2019/08/03 v3.1.4b (3.1.4b)
\pgf@nodesepstart=\dimen150
\pgf@nodesepend=\dimen151
)
("/Users/stratos/Library/Application Support/MiKTeX/texmfs/install/tex/latex/pg
f/compatibility/pgfcomp-version-1-18.sty"
Package: pgfcomp-version-1-18 2019/08/03 v3.1.4b (3.1.4b)
))
("/Users/stratos/Library/Application Support/MiKTeX/texmfs/install/tex/latex/pg
f/utilities/pgffor.sty"
("/Users/stratos/Library/Application Support/MiKTeX/texmfs/install/tex/latex/pg
f/utilities/pgfkeys.sty"
("/Users/stratos/Library/Application Support/MiKTeX/texmfs/install/tex/generic/
pgf/utilities/pgfkeys.code.tex"))
("/Users/stratos/Library/Application Support/MiKTeX/texmfs/install/tex/latex/pg
f/math/pgfmath.sty"
("/Users/stratos/Library/Application Support/MiKTeX/texmfs/install/tex/generic/
pgf/math/pgfmath.code.tex"))
("/Users/stratos/Library/Application Support/MiKTeX/texmfs/install/tex/generic/
pgf/utilities/pgffor.code.tex"
Package: pgffor 2019/08/03 v3.1.4b (3.1.4b)

("/Users/stratos/Library/Application Support/MiKTeX/texmfs/install/tex/generic/
pgf/math/pgfmath.code.tex")
\pgffor@iter=\dimen152
\pgffor@skip=\dimen153
\pgffor@stack=\toks26
\pgffor@toks=\toks27
))
("/Users/stratos/Library/Application Support/MiKTeX/texmfs/install/tex/generic/
pgf/frontendlayer/tikz/tikz.code.tex"
Package: tikz 2019/08/03 v3.1.4b (3.1.4b)

("/Users/stratos/Library/Application Support/MiKTeX/texmfs/install/tex/generic/
pgf/libraries/pgflibraryplothandlers.code.tex"
File: pgflibraryplothandlers.code.tex 2019/08/03 v3.1.4b (3.1.4b)
\pgf@plot@mark@count=\count106
\pgfplotmarksize=\dimen154
)
\tikz@lastx=\dimen155
\tikz@lasty=\dimen156
\tikz@lastxsaved=\dimen157
\tikz@lastysaved=\dimen158
\tikz@lastmovetox=\dimen159
\tikz@lastmovetoy=\dimen160
\tikzleveldistance=\dimen161
\tikzsiblingdistance=\dimen162
\tikz@figbox=\box34
\tikz@figbox@bg=\box35
\tikz@tempbox=\box36
\tikz@tempbox@bg=\box37
\tikztreelevel=\count107
\tikznumberofchildren=\count108
\tikznumberofcurrentchild=\count109
\tikz@fig@count=\count110

("/Users/stratos/Library/Application Support/MiKTeX/texmfs/install/tex/generic/
pgf/modules/pgfmodulematrix.code.tex"
File: pgfmodulematrix.code.tex 2019/08/03 v3.1.4b (3.1.4b)
\pgfmatrixcurrentrow=\count111
\pgfmatrixcurrentcolumn=\count112
\pgf@matrix@numberofcolumns=\count113
)
\tikz@expandcount=\count114

("/Users/stratos/Library/Application Support/MiKTeX/texmfs/install/tex/generic/
pgf/frontendlayer/tikz/libraries/tikzlibrarytopaths.code.tex"
File: tikzlibrarytopaths.code.tex 2019/08/03 v3.1.4b (3.1.4b)
)))
("/Users/stratos/Library/Application Support/MiKTeX/texmfs/install/tex/generic/
pgf/frontendlayer/tikz/libraries/tikzlibrarymatrix.code.tex"
File: tikzlibrarymatrix.code.tex 2019/08/03 v3.1.4b (3.1.4b)
)
("/Users/stratos/Library/Application Support/MiKTeX/texmfs/install/tex/generic/
pgf/frontendlayer/tikz/libraries/tikzlibrarychains.code.tex"
File: tikzlibrarychains.code.tex 2019/08/03 v3.1.4b (3.1.4b)

("/Users/stratos/Library/Application Support/MiKTeX/texmfs/install/tex/generic/
pgf/frontendlayer/tikz/libraries/tikzlibrarypositioning.code.tex"
File: tikzlibrarypositioning.code.tex 2019/08/03 v3.1.4b (3.1.4b)
))
("/Users/stratos/Library/Application Support/MiKTeX/texmfs/install/tex/generic/
pgf/frontendlayer/tikz/libraries/tikzlibraryarrows.code.tex"
File: tikzlibraryarrows.code.tex 2019/08/03 v3.1.4b (3.1.4b)

("/Users/stratos/Library/Application Support/MiKTeX/texmfs/install/tex/generic/
pgf/libraries/pgflibraryarrows.code.tex"
File: pgflibraryarrows.code.tex 2019/08/03 v3.1.4b (3.1.4b)
\arrowsize=\dimen163
))
\@input{epsf.aux}
\openout2 = `epsf.aux'.


("/Users/stratos/Library/Application Support/MiKTeX/texmfs/install/tex/generic/
epsf/epsf.tex"
This is `epsf.tex' v2.7.4 <14 February 2011>
\epsffilein=\read2
\epsfframemargin=\dimen164
\epsfframethickness=\dimen165
\epsfrsize=\dimen166
\epsftmp=\dimen167
\epsftsize=\dimen168
\epsfxsize=\dimen169
\epsfysize=\dimen170
\pspoints=\dimen171
)
("/Users/stratos/Library/Application Support/MiKTeX/texmfs/install/tex/latex/br
aket/braket.sty")
("/Users/stratos/Library/Application Support/MiKTeX/texmfs/install/tex/latex/am
smath/amsmath.sty"
Package: amsmath 2019/04/01 v2.17c AMS math features
\@mathmargin=\skip45

For additional information on amsmath, use the `?' option.

("/Users/stratos/Library/Application Support/MiKTeX/texmfs/install/tex/latex/am
smath/amsbsy.sty"
Package: amsbsy 1999/11/29 v1.2d Bold Symbols
\pmbraise@=\dimen172
)
("/Users/stratos/Library/Application Support/MiKTeX/texmfs/install/tex/latex/am
smath/amsopn.sty"
Package: amsopn 2016/03/08 v2.02 operator names
)
\inf@bad=\count115
LaTeX Info: Redefining \frac on input line 227.
\uproot@=\count116
\leftroot@=\count117
LaTeX Info: Redefining \overline on input line 389.
\classnum@=\count118
\DOTSCASE@=\count119
LaTeX Info: Redefining \ldots on input line 486.
LaTeX Info: Redefining \dots on input line 489.
LaTeX Info: Redefining \cdots on input line 610.
\Mathstrutbox@=\box38
\strutbox@=\box39
\big@size=\dimen173
LaTeX Font Info:    Redeclaring font encoding OML on input line 733.
LaTeX Font Info:    Redeclaring font encoding OMS on input line 734.
\macc@depth=\count120
\c@MaxMatrixCols=\count121
\dotsspace@=\muskip10
\c@parentequation=\count122
\dspbrk@lvl=\count123
\tag@help=\toks28
\row@=\count124
\column@=\count125
\maxfields@=\count126
\andhelp@=\toks29
\eqnshift@=\dimen174
\alignsep@=\dimen175
\tagshift@=\dimen176
\tagwidth@=\dimen177
\totwidth@=\dimen178
\lineht@=\dimen179
\@envbody=\toks30
\multlinegap=\skip46
\multlinetaggap=\skip47
\mathdisplay@stack=\toks31
LaTeX Info: Redefining \[ on input line 2855.
LaTeX Info: Redefining \] on input line 2856.
)
("/Users/stratos/Library/Application Support/MiKTeX/texmfs/install/tex/latex/am
sfonts/amssymb.sty"
Package: amssymb 2013/01/14 v3.01 AMS font symbols

("/Users/stratos/Library/Application Support/MiKTeX/texmfs/install/tex/latex/am
sfonts/amsfonts.sty"
Package: amsfonts 2013/01/14 v3.01 Basic AMSFonts support
\symAMSa=\mathgroup4
\symAMSb=\mathgroup5
LaTeX Font Info:    Redeclaring math symbol \hbar on input line 98.
LaTeX Font Info:    Overwriting math alphabet `\mathfrak' in version `bold'
(Font)                  U/euf/m/n --> U/euf/b/n on input line 106.
))
("/Users/stratos/Library/Application Support/MiKTeX/texmfs/install/tex/latex/gr
aphics/epsfig.sty"
Package: epsfig 2017/06/25 v1.7b (e)psfig emulation (SPQR)
\epsfxsize=\dimen180
\epsfysize=\dimen181
)
("/Users/stratos/Library/Application Support/MiKTeX/texmfs/install/tex/latex/am
smath/amscd.sty"
Package: amscd 2017/04/14 v2.1 AMS Commutative Diagrams
\athelp@=\toks32
\minaw@=\dimen182
\bigaw@=\dimen183
\minCDarrowwidth=\dimen184
)
("/Users/stratos/Library/Application Support/MiKTeX/texmfs/install/tex/latex/jk
nappen/mathrsfs.sty"
Package: mathrsfs 1996/01/01 Math RSFS package v1.0 (jk)
\symrsfs=\mathgroup6
)
("/Users/stratos/Library/Application Support/MiKTeX/texmfs/install/tex/latex/do
ublestroke/dsfont.sty"
Package: dsfont 1995/08/01 v0.1 Double stroke roman fonts
)
("/Users/stratos/Library/Application Support/MiKTeX/texmfs/install/tex/latex/to
ols/array.sty"
Package: array 2019/08/31 v2.4l Tabular extension package (FMi)
\col@sep=\dimen185
\ar@mcellbox=\box40
\extrarowheight=\dimen186
\NC@list=\toks33
\extratabsurround=\skip48
\backup@length=\skip49
\ar@cellbox=\box41
)
("/Users/stratos/Library/Application Support/MiKTeX/texmfs/install/tex/latex/sh
ipunov/boldline.sty"
Package: boldline 2008/02/04 v0.2 Adjust line width in tables
)
("/Users/stratos/Library/Application Support/MiKTeX/texmfs/install/tex/latex/ma
kecell/makecell.sty"
Package: makecell 2009/08/03 V0.1e Managing of Tab Column Heads and Cells
\rotheadsize=\dimen187
\c@nlinenum=\count127
\TeXr@lab=\toks34
)
("/Users/stratos/Library/Application Support/MiKTeX/texmfs/install/tex/latex/bo
oktabs/booktabs.sty"
Package: booktabs 2005/04/14 v1.61803 publication quality tables
\heavyrulewidth=\dimen188
\lightrulewidth=\dimen189
\cmidrulewidth=\dimen190
\belowrulesep=\dimen191
\belowbottomsep=\dimen192
\aboverulesep=\dimen193
\abovetopsep=\dimen194
\cmidrulesep=\dimen195
\cmidrulekern=\dimen196
\defaultaddspace=\dimen197
\@cmidla=\count128
\@cmidlb=\count129
\@aboverulesep=\dimen198
\@belowrulesep=\dimen199
\@thisruleclass=\count130
\@lastruleclass=\count131
\@thisrulewidth=\dimen256
)
("/Users/stratos/Library/Application Support/MiKTeX/texmfs/install/tex/latex/ma
thtools/mathtools.sty"
Package: mathtools 2019/07/31 v1.22 mathematical typesetting tools

("/Users/stratos/Library/Application Support/MiKTeX/texmfs/install/tex/latex/to
ols/calc.sty"
Package: calc 2017/05/25 v4.3 Infix arithmetic (KKT,FJ)
\calc@Acount=\count132
\calc@Bcount=\count133
\calc@Adimen=\dimen257
\calc@Bdimen=\dimen258
\calc@Askip=\skip50
\calc@Bskip=\skip51
LaTeX Info: Redefining \setlength on input line 80.
LaTeX Info: Redefining \addtolength on input line 81.
\calc@Ccount=\count134
\calc@Cskip=\skip52
)
("/Users/stratos/Library/Application Support/MiKTeX/texmfs/install/tex/latex/ma
thtools/mhsetup.sty"
Package: mhsetup 2017/03/31 v1.3 programming setup (MH)
)
LaTeX Info: Thecontrolsequence`\('isalreadyrobust on input line 129.
LaTeX Info: Thecontrolsequence`\)'isalreadyrobust on input line 129.
LaTeX Info: Thecontrolsequence`\['isalreadyrobust on input line 129.
LaTeX Info: Thecontrolsequence`\]'isalreadyrobust on input line 129.
\g_MT_multlinerow_int=\count135
\l_MT_multwidth_dim=\dimen259
\origjot=\skip53
\l_MT_shortvdotswithinadjustabove_dim=\dimen260
\l_MT_shortvdotswithinadjustbelow_dim=\dimen261
\l_MT_above_intertext_sep=\dimen262
\l_MT_below_intertext_sep=\dimen263
\l_MT_above_shortintertext_sep=\dimen264
\l_MT_below_shortintertext_sep=\dimen265
)
("/Users/stratos/Library/Application Support/MiKTeX/texmfs/install/tex/latex/am
scls/amsthm.sty"
Package: amsthm 2017/10/31 v2.20.4
\thm@style=\toks35
\thm@bodyfont=\toks36
\thm@headfont=\toks37
\thm@notefont=\toks38
\thm@headpunct=\toks39
\thm@preskip=\skip54
\thm@postskip=\skip55
\thm@headsep=\skip56
\dth@everypar=\toks40
)
("/Users/stratos/Library/Application Support/MiKTeX/texmfs/install/tex/latex/ba
se/inputenc.sty"
Package: inputenc 2018/08/11 v1.3c Input encoding file
\inpenc@prehook=\toks41
\inpenc@posthook=\toks42

("/Users/stratos/Library/Application Support/MiKTeX/texmfs/install/tex/latex/ba
se/applemac.def"
File: applemac.def 2018/08/11 v1.3c Input encoding file
))
("/Users/stratos/Library/Application Support/MiKTeX/texmfs/install/tex/generic/
babel/babel.sty"
Package: babel 2019/09/27 3.34 The Babel package

("/Users/stratos/Library/Application Support/MiKTeX/texmfs/install/tex/generic/
babel/switch.def"
File: switch.def 2019/09/27 3.34 Babel switching mechanism
)
*************************************
* Local config file bblopts.cfg used
*

("/Users/stratos/Library/Application Support/MiKTeX/texmfs/install/tex/latex/ar
abi/bblopts.cfg"
File: bblopts.cfg 2005/09/08 v0.1 add Arabic and Farsi to "declared" options of
 babel
)
("/Users/stratos/Library/Application Support/MiKTeX/texmfs/install/tex/latex/ba
bel-english/english.ldf"
Language: english 2017/06/06 v3.3r English support from the babel system

("/Users/stratos/Library/Application Support/MiKTeX/texmfs/install/tex/generic/
babel/babel.def"
File: babel.def 2019/09/27 3.34 Babel common definitions
\babel@savecnt=\count136
\U@D=\dimen266

("/Users/stratos/Library/Application Support/MiKTeX/texmfs/install/tex/generic/
babel/txtbabel.def")
\bbl@dirlevel=\count137
)
\l@british = a dialect from \language\l@english 
\l@UKenglish = a dialect from \language\l@english 
\l@american = a dialect from \language\l@english 
\l@canadian = a dialect from \language\l@american 
\l@australian = a dialect from \language\l@british 
\l@newzealand = a dialect from \language\l@british 
))
("/Users/stratos/Library/Application Support/MiKTeX/texmfs/install/tex/latex/en
umitem/enumitem.sty"
Package: enumitem 2019/06/20 v3.9 Customized lists
\labelindent=\skip57
\enit@outerparindent=\dimen267
\enit@toks=\toks43
\enit@inbox=\box42
\enit@count@id=\count138
\enitdp@description=\count139
)
("/Users/stratos/Library/Application Support/MiKTeX/texmfs/install/tex/latex/ba
se/latexsym.sty"
Package: latexsym 1998/08/17 v2.2e Standard LaTeX package (lasy symbols)
\symlasy=\mathgroup7
LaTeX Font Info:    Overwriting symbol font `lasy' in version `bold'
(Font)                  U/lasy/m/n --> U/lasy/b/n on input line 52.
)
("/Users/stratos/Library/Application Support/MiKTeX/texmfs/install/tex/latex/hy
perref/hyperref.sty"
Package: hyperref 2019/09/28 v7.00a Hypertext links for LaTeX

("/Users/stratos/Library/Application Support/MiKTeX/texmfs/install/tex/generic/
oberdiek/hobsub-hyperref.sty"
Package: hobsub-hyperref 2016/05/16 v1.14 Bundle oberdiek, subset hyperref (HO)


("/Users/stratos/Library/Application Support/MiKTeX/texmfs/install/tex/generic/
oberdiek/hobsub-generic.sty"
Package: hobsub-generic 2016/05/16 v1.14 Bundle oberdiek, subset generic (HO)
Package: hobsub 2016/05/16 v1.14 Construct package bundles (HO)
Package: infwarerr 2016/05/16 v1.4 Providing info/warning/error messages (HO)
Package: ltxcmds 2016/05/16 v1.23 LaTeX kernel commands for general use (HO)
Package: ifluatex 2016/05/16 v1.4 Provides the ifluatex switch (HO)
Package ifluatex Info: LuaTeX not detected.
Package: ifvtex 2016/05/16 v1.6 Detect VTeX and its facilities (HO)
Package ifvtex Info: VTeX not detected.
Package: intcalc 2016/05/16 v1.2 Expandable calculations with integers (HO)
Package: ifpdf 2018/09/07 v3.3 Provides the ifpdf switch
Package: etexcmds 2016/05/16 v1.6 Avoid name clashes with e-TeX commands (HO)
Package: kvsetkeys 2016/05/16 v1.17 Key value parser (HO)
Package: kvdefinekeys 2016/05/16 v1.4 Define keys (HO)
Package: pdftexcmds 2019/07/25 v0.30 Utility functions of pdfTeX for LuaTeX (HO
)
Package pdftexcmds Info: LuaTeX not detected.
Package pdftexcmds Info: \pdf@primitive is available.
Package pdftexcmds Info: \pdf@ifprimitive is available.
Package pdftexcmds Info: \pdfdraftmode found.
Package: pdfescape 2016/05/16 v1.14 Implements pdfTeX's escape features (HO)
Package: bigintcalc 2016/05/16 v1.4 Expandable calculations on big integers (HO
)
Package: bitset 2016/05/16 v1.2 Handle bit-vector datatype (HO)
Package: uniquecounter 2016/05/16 v1.3 Provide unlimited unique counter (HO)
)
Package hobsub Info: Skipping package `hobsub' (already loaded).
Package: letltxmacro 2016/05/16 v1.5 Let assignment for LaTeX macros (HO)
Package: hopatch 2016/05/16 v1.3 Wrapper for package hooks (HO)
Package: xcolor-patch 2016/05/16 xcolor patch
Package: atveryend 2016/05/16 v1.9 Hooks at the very end of document (HO)
Package: atbegshi 2016/06/09 v1.18 At begin shipout hook (HO)
Package: refcount 2016/05/16 v3.5 Data extraction from label references (HO)
Package: hycolor 2016/05/16 v1.8 Color options for hyperref/bookmark (HO)
)
("/Users/stratos/Library/Application Support/MiKTeX/texmfs/install/tex/generic/
ifxetex/ifxetex.sty"
Package: ifxetex 2010/09/12 v0.6 Provides ifxetex conditional
)
("/Users/stratos/Library/Application Support/MiKTeX/texmfs/install/tex/latex/ob
erdiek/auxhook.sty"
Package: auxhook 2016/05/16 v1.4 Hooks for auxiliary files (HO)
)
("/Users/stratos/Library/Application Support/MiKTeX/texmfs/install/tex/latex/ob
erdiek/kvoptions.sty"
Package: kvoptions 2016/05/16 v3.12 Key value format for package options (HO)
)
\@linkdim=\dimen268
\Hy@linkcounter=\count140
\Hy@pagecounter=\count141

("/Users/stratos/Library/Application Support/MiKTeX/texmfs/install/tex/latex/hy
perref/pd1enc.def"
File: pd1enc.def 2019/09/28 v7.00a Hyperref: PDFDocEncoding definition (HO)
Now handling font encoding PD1 ...
... no UTF-8 mapping file for font encoding PD1
)
\Hy@SavedSpaceFactor=\count142

("/Users/stratos/Library/Application Support/MiKTeX/texmfs/install/tex/latex/00
miktex/hyperref.cfg"
File: hyperref.cfg 2002/06/06 v1.2 hyperref configuration of TeXLive
)
Package hyperref Info: Option `CJKbookmarks' set `true' on input line 4414.
Package hyperref Info: Option `bookmarksnumbered' set `true' on input line 4414
.
Package hyperref Info: Option `bookmarksopen' set `true' on input line 4414.
Package hyperref Info: Option `colorlinks' set `true' on input line 4414.
Package hyperref Info: Hyper figures OFF on input line 4540.
Package hyperref Info: Link nesting OFF on input line 4545.
Package hyperref Info: Hyper index ON on input line 4548.
Package hyperref Info: Plain pages OFF on input line 4555.
Package hyperref Info: Backreferencing OFF on input line 4560.
Package hyperref Info: Implicit mode ON; LaTeX internals redefined.
Package hyperref Info: Bookmarks ON on input line 4793.
\c@Hy@tempcnt=\count143

("/Users/stratos/Library/Application Support/MiKTeX/texmfs/install/tex/latex/ur
l/url.sty"
\Urlmuskip=\muskip11
Package: url 2013/09/16  ver 3.4  Verb mode for urls, etc.
)
LaTeX Info: Redefining \url on input line 5152.
\XeTeXLinkMargin=\dimen269
\Fld@menulength=\count144
\Field@Width=\dimen270
\Fld@charsize=\dimen271
Package hyperref Info: Hyper figures OFF on input line 6423.
Package hyperref Info: Link nesting OFF on input line 6428.
Package hyperref Info: Hyper index ON on input line 6431.
Package hyperref Info: backreferencing OFF on input line 6438.
Package hyperref Info: Link coloring ON on input line 6441.
Package hyperref Info: Link coloring with OCG OFF on input line 6448.
Package hyperref Info: PDF/A mode OFF on input line 6453.
LaTeX Info: Redefining \ref on input line 6493.
LaTeX Info: Redefining \pageref on input line 6497.
\Hy@abspage=\count145
\c@Item=\count146
\c@Hfootnote=\count147
)
Package hyperref Info: Driver: hpdftex.

("/Users/stratos/Library/Application Support/MiKTeX/texmfs/install/tex/latex/hy
perref/hpdftex.def"
File: hpdftex.def 2019/09/28 v7.00a Hyperref driver for pdfTeX
\Fld@listcount=\count148
\c@bookmark@seq@number=\count149

("/Users/stratos/Library/Application Support/MiKTeX/texmfs/install/tex/latex/ob
erdiek/rerunfilecheck.sty"
Package: rerunfilecheck 2016/05/16 v1.8 Rerun checks for auxiliary files (HO)
Package uniquecounter Info: New unique counter `rerunfilecheck' on input line 2
82.
)
\Hy@SectionHShift=\skip58
)
("/Users/stratos/Library/Application Support/MiKTeX/texmfs/install/tex/generic/
xypic/xy.tex" Bootstrap'ing: catcodes, docmode,
("/Users/stratos/Library/Application Support/MiKTeX/texmfs/install/tex/generic/
xypic/xyrecat.tex")
("/Users/stratos/Library/Application Support/MiKTeX/texmfs/install/tex/generic/
xypic/xyidioms.tex")

 Xy-pic version 3.8.9 <2013/10/06>
 Copyright (c) 1991-2013 by Kristoffer H. Rose <krisrose@tug.org> and others
 Xy-pic is free software: see the User's Guide for details.

Loading kernel: messages; fonts; allocations: state,
\X@c=\dimen272
\Y@c=\dimen273
\U@c=\dimen274
\D@c=\dimen275
\L@c=\dimen276
\R@c=\dimen277
\Edge@c=\toks44
\X@p=\dimen278
\Y@p=\dimen279
\U@p=\dimen280
\D@p=\dimen281
\L@p=\dimen282
\R@p=\dimen283
\Edge@p=\toks45
\X@origin=\dimen284
\Y@origin=\dimen285
\X@xbase=\dimen286
\Y@xbase=\dimen287
\X@ybase=\dimen288
\Y@ybase=\dimen289
\X@min=\dimen290
\Y@min=\dimen291
\X@max=\dimen292
\Y@max=\dimen293
\lastobjectbox@=\box43
\zerodotbox@=\box44
\almostz@=\dimen294
 direction,
\d@X=\dimen295
\d@Y=\dimen296
\K@=\count150
\KK@=\count151
\Direction=\count152
\K@dXdY=\dimen297
\K@dYdX=\dimen298
\xyread@=\read3
\xywrite@=\write4
\csp@=\count153
\quotPTK@=\dimen299

utility macros; pictures: \xy, positions,
\swaptoks@@=\toks46
\connectobjectbox@@=\box45
 objects,
\styletoks@=\toks47
 decorations;
kernel objects: directionals, circles, text; options; algorithms: directions,
edges, connections;  Xy-pic loaded)
("/Users/stratos/Library/Application Support/MiKTeX/texmfs/install/tex/generic/
xypic/xyall.tex"  Xy-pic option: All features v.3.8
("/Users/stratos/Library/Application Support/MiKTeX/texmfs/install/tex/generic/
xypic/xycurve.tex"  Xy-pic option: Curve and Spline extension v.3.12 curve,
\crv@cnt@=\count154
\crvpts@=\toks48
\splinebox@=\box46
\splineval@=\dimen300
\splinedepth@=\dimen301
\splinetol@=\dimen302
\splinelength@=\dimen303

circles,
\L@=\dimen304
 loaded)
("/Users/stratos/Library/Application Support/MiKTeX/texmfs/install/tex/generic/
xypic/xyframe.tex"  Xy-pic option: Frame and Bracket extension v.3.14 loaded)
("/Users/stratos/Library/Application Support/MiKTeX/texmfs/install/tex/generic/
xypic/xycmtip.tex"  Xy-pic option: Computer Modern tip extension v.3.7
("/Users/stratos/Library/Application Support/MiKTeX/texmfs/install/tex/generic/
xypic/xytips.tex"  Xy-pic option: More Tips extension v.3.11 loaded) loaded)
("/Users/stratos/Library/Application Support/MiKTeX/texmfs/install/tex/generic/
xypic/xyline.tex"  Xy-pic option: Line styles extension v.3.10
\xylinethick@=\dimen305
 loaded)
("/Users/stratos/Library/Application Support/MiKTeX/texmfs/install/tex/generic/
xypic/xyrotate.tex"  Xy-pic option: Rotate and Scale extension v.3.8 loaded)
("/Users/stratos/Library/Application Support/MiKTeX/texmfs/install/tex/generic/
xypic/xycolor.tex"  Xy-pic option: Colour extension v.3.11 loaded)
("/Users/stratos/Library/Application Support/MiKTeX/texmfs/install/tex/generic/
xypic/xymatrix.tex"  Xy-pic option: Matrix feature v.3.14
\Row=\count155
\Col=\count156
\queue@=\toks49
\queue@@=\toks50
\qcount@=\count157
\qcount@@=\count158
\matrixsize@=\count159
 loaded)
("/Users/stratos/Library/Application Support/MiKTeX/texmfs/install/tex/generic/
xypic/xyarrow.tex"  Xy-pic option: Arrow and Path feature v.3.9 path, \ar,
loaded)
("/Users/stratos/Library/Application Support/MiKTeX/texmfs/install/tex/generic/
xypic/xygraph.tex"  Xy-pic option: Graph feature v.3.11 loaded) loaded)
(draftforce_final.aux)
\openout1 = `draftforce_final.aux'.

LaTeX Font Info:    Checking defaults for OML/cmm/m/it on input line 106.
LaTeX Font Info:    ... okay on input line 106.
LaTeX Font Info:    Checking defaults for T1/cmr/m/n on input line 106.
LaTeX Font Info:    ... okay on input line 106.
LaTeX Font Info:    Checking defaults for OT1/cmr/m/n on input line 106.
LaTeX Font Info:    ... okay on input line 106.
LaTeX Font Info:    Checking defaults for OMS/cmsy/m/n on input line 106.
LaTeX Font Info:    ... okay on input line 106.
LaTeX Font Info:    Checking defaults for OMX/cmex/m/n on input line 106.
LaTeX Font Info:    ... okay on input line 106.
LaTeX Font Info:    Checking defaults for U/cmr/m/n on input line 106.
LaTeX Font Info:    ... okay on input line 106.
LaTeX Font Info:    Checking defaults for PD1/pdf/m/n on input line 106.
LaTeX Font Info:    ... okay on input line 106.

("/Users/stratos/Library/Application Support/MiKTeX/texmfs/install/tex/context/
base/mkii/supp-pdf.mkii"
[Loading MPS to PDF converter (version 2006.09.02).]
\scratchcounter=\count160
\scratchdimen=\dimen306
\scratchbox=\box47
\nofMPsegments=\count161
\nofMParguments=\count162
\everyMPshowfont=\toks51
\MPscratchCnt=\count163
\MPscratchDim=\dimen307
\MPnumerator=\count164
\makeMPintoPDFobject=\count165
\everyMPtoPDFconversion=\toks52
)
("/Users/stratos/Library/Application Support/MiKTeX/texmfs/install/tex/latex/ob
erdiek/epstopdf-base.sty"
Package: epstopdf-base 2016/05/15 v2.6 Base part for package epstopdf

("/Users/stratos/Library/Application Support/MiKTeX/texmfs/install/tex/latex/ob
erdiek/grfext.sty"
Package: grfext 2016/05/16 v1.2 Manage graphics extensions (HO)
)
Package epstopdf-base Info: Redefining graphics rule for `.eps' on input line 4
38.
Package grfext Info: Graphics extension search list:
(grfext)             [.pdf,.png,.jpg,.mps,.jpeg,.jbig2,.jb2,.PDF,.PNG,.JPG,.JPE
G,.JBIG2,.JB2,.eps]
(grfext)             \AppendGraphicsExtensions on input line 456.
)
Package caption Info: Begin \AtBeginDocument code.
Package caption Info: hyperref package is loaded.
Package caption Info: End \AtBeginDocument code.
 ABD: EveryShipout initializing macros
\AtBeginShipoutBox=\box48
Package hyperref Info: Link coloring ON on input line 106.

("/Users/stratos/Library/Application Support/MiKTeX/texmfs/install/tex/latex/hy
perref/nameref.sty"
Package: nameref 2019/09/16 v2.46 Cross-referencing by name of section

("/Users/stratos/Library/Application Support/MiKTeX/texmfs/install/tex/generic/
oberdiek/gettitlestring.sty"
Package: gettitlestring 2016/05/16 v1.5 Cleanup title references (HO)
)
\c@section@level=\count166
)
LaTeX Info: Redefining \ref on input line 106.
LaTeX Info: Redefining \pageref on input line 106.
LaTeX Info: Redefining \nameref on input line 106.
 (draftforce_final.out) (draftforce_final.out)
\@outlinefile=\write5
\openout5 = `draftforce_final.out'.


[1



{/Users/stratos/Library/Application Support/MiKTeX/texmfs/data/pdftex/config/pd
ftex.map}]

LaTeX Warning: Citation `Hooft1974' on page 2 undefined on input line 124.


LaTeX Warning: Citation `DiFrancesco' on page 2 undefined on input line 124.


LaTeX Warning: Citation `DijkgraafMatrixStringTheory' on page 2 undefined on in
put line 124.


LaTeX Warning: Citation `Klebanov1991' on page 2 undefined on input line 124.


LaTeX Warning: Citation `Banks1997' on page 2 undefined on input line 124.


LaTeX Warning: Citation `Berenstein2002' on page 2 undefined on input line 124.



LaTeX Warning: Citation `Taylor2001' on page 2 undefined on input line 124.


LaTeX Warning: Citation `Berenstein2002' on page 2 undefined on input line 126.


LaTeX Font Info:    Trying to load font information for U+msa on input line 126
.

("/Users/stratos/Library/Application Support/MiKTeX/texmfs/install/tex/latex/am
sfonts/umsa.fd"
File: umsa.fd 2013/01/14 v3.01 AMS symbols A
)
LaTeX Font Info:    Trying to load font information for U+msb on input line 126
.

("/Users/stratos/Library/Application Support/MiKTeX/texmfs/install/tex/latex/am
sfonts/umsb.fd"
File: umsb.fd 2013/01/14 v3.01 AMS symbols B
)
LaTeX Font Info:    Trying to load font information for U+rsfs on input line 12
6.

("/Users/stratos/Library/Application Support/MiKTeX/texmfs/install/tex/latex/jk
nappen/ursfs.fd"
File: ursfs.fd 1998/03/24 rsfs font definition file (jk)
)
LaTeX Font Info:    Trying to load font information for U+lasy on input line 12
6.

("/Users/stratos/Library/Application Support/MiKTeX/texmfs/install/tex/latex/ba
se/ulasy.fd"
File: ulasy.fd 1998/08/17 v2.2e LaTeX symbol font definitions
)

LaTeX Warning: Citation `Kaluza' on page 2 undefined on input line 128.


LaTeX Warning: Citation `Klein' on page 2 undefined on input line 128.


LaTeX Warning: Citation `Seiberg1997' on page 2 undefined on input line 138.


LaTeX Warning: Citation `Sen1998' on page 2 undefined on input line 143.

[2pdfTeX warning (ext4): destination with the same identifier (name{equation.1.
1}) has been already used, duplicate ignored

\@EveryShipout@Output ...@Org@Shipout \box \@cclv 
                                                  
l.144 
      ]

LaTeX Warning: Citation `Berenstein2002' on page 3 undefined on input line 145.



LaTeX Warning: Citation `Susskind1997' on page 3 undefined on input line 145.


LaTeX Warning: Citation `Taylor2000a' on page 3 undefined on input line 145.


LaTeX Warning: Citation `Kabat1998' on page 3 undefined on input line 145.


LaTeX Warning: Citation `Nicolai1988' on page 3 undefined on input line 147.


LaTeX Warning: Citation `Banks1997' on page 3 undefined on input line 151.


LaTeX Warning: Citation `TaylorIV1999' on page 3 undefined on input line 151.


LaTeX Warning: Citation `Banks1997' on page 3 undefined on input line 152.


LaTeX Warning: Citation `Berenstein2002' on page 3 undefined on input line 154.



LaTeX Warning: Citation `Banks1997' on page 3 undefined on input line 154.

[3]
<duality.pdf, id=85, 845.1575pt x 597.23125pt>
File: duality.pdf Graphic file (type pdf)
<use duality.pdf>
Package pdftex.def Info: duality.pdf  used on input line 161.
(pdftex.def)             Requested size: 422.57771pt x 298.61488pt.


LaTeX Warning: Citation `Berenstein2002' on page 4 undefined on input line 166.



LaTeX Warning: Citation `Blau2004' on page 4 undefined on input line 166.

[4 <./duality.pdf>]
LaTeX Font Info:    Trying to load font information for OMS+cmr on input line 1
83.

("/Users/stratos/Library/Application Support/MiKTeX/texmfs/install/tex/latex/ba
se/omscmr.fd"
File: omscmr.fd 2014/09/29 v2.5h Standard LaTeX font definitions
)
LaTeX Font Info:    Font shape `OMS/cmr/m/n' in size <10.95> not available
(Font)              Font shape `OMS/cmsy/m/n' tried instead on input line 183.
<matrix.pdf, id=117, 891.33pt x 313.17pt>
File: matrix.pdf Graphic file (type pdf)
<use matrix.pdf>
Package pdftex.def Info: matrix.pdf  used on input line 197.
(pdftex.def)             Requested size: 356.52568pt x 125.26576pt.


LaTeX Warning: `h' float specifier changed to `ht'.


LaTeX Warning: Citation `Maldacena2003' on page 5 undefined on input line 201.


LaTeX Warning: Citation `Berenstein2002' on page 5 undefined on input line 201.



LaTeX Warning: Citation `Dasgupta2002' on page 5 undefined on input line 201.

[5]

LaTeX Warning: Citation `Bergner2019' on page 6 undefined on input line 205.


LaTeX Warning: Citation `Catterall2010' on page 6 undefined on input line 205.


LaTeX Warning: Citation `Hanada2014' on page 6 undefined on input line 205.


LaTeX Warning: Citation `Nishimura2012' on page 6 undefined on input line 205.


LaTeX Warning: Citation `Masanori2017' on page 6 undefined on input line 205.

[6 <./matrix.pdf>]

LaTeX Warning: Citation `Blau2004' on page 7 undefined on input line 224.


LaTeX Warning: Citation `Dasgupta2002' on page 7 undefined on input line 224.


LaTeX Warning: Citation `TaylorIV1999' on page 7 undefined on input line 224.

[7] [8]

LaTeX Warning: Citation `Bergner2019' on page 9 undefined on input line 296.


LaTeX Warning: Citation `Catterall2010' on page 9 undefined on input line 296.


LaTeX Warning: Citation `Hanada2014' on page 9 undefined on input line 296.


LaTeX Warning: Citation `Masanori2017' on page 9 undefined on input line 296.


Package hyperref Warning: Token not allowed in a PDF string (PDFDocEncoding):
(hyperref)                removing `math shift' on input line 300.


Package hyperref Warning: Token not allowed in a PDF string (PDFDocEncoding):
(hyperref)                removing `math shift' on input line 300.


LaTeX Warning: Citation `Figueroa-OFarrill2000' on page 9 undefined on input li
ne 309.


LaTeX Warning: Citation `Stanciu2000' on page 9 undefined on input line 309.

[9]

LaTeX Warning: Citation `Taylor2000b' on page 10 undefined on input line 356.

[10]

LaTeX Warning: Citation `Lin2006' on page 11 undefined on input line 382.


LaTeX Warning: Citation `Lozano2017' on page 11 undefined on input line 382.


LaTeX Warning: Citation `Lin2004a' on page 11 undefined on input line 382.


LaTeX Warning: Citation `Costa2015' on page 11 undefined on input line 382.


LaTeX Warning: Citation `Lin2006' on page 11 undefined on input line 384.

[11]

LaTeX Warning: Citation `Lin2004' on page 12 undefined on input line 399.


LaTeX Warning: Citation `Lin2006' on page 12 undefined on input line 399.


LaTeX Warning: Citation `Lin2004' on page 12 undefined on input line 403.


LaTeX Warning: Citation `Maldacena2003' on page 12 undefined on input line 411.


[12]

LaTeX Warning: Citation `Lin2006' on page 13 undefined on input line 431.

[13]

LaTeX Warning: Citation `Maldacena2003' on page 14 undefined on input line 444.



LaTeX Warning: Citation `Berenstein2002' on page 14 undefined on input line 444
.


LaTeX Warning: Citation `Lin2006' on page 14 undefined on input line 444.


LaTeX Warning: Citation `Lin2006' on page 14 undefined on input line 458.


LaTeX Warning: Citation `Maldacena2018' on page 14 undefined on input line 458.



LaTeX Warning: Citation `Polchinski1999' on page 14 undefined on input line 458
.

[14]
<zplane.png, id=267, 697.1646pt x 387.849pt>
File: zplane.png Graphic file (type png)
<use zplane.png>
Package pdftex.def Info: zplane.png  used on input line 483.
(pdftex.def)             Requested size: 278.86089pt x 155.13684pt.
<bulk.pdf, id=269, 845.1575pt x 597.23125pt>
File: bulk.pdf Graphic file (type pdf)
<use bulk.pdf>
Package pdftex.def Info: bulk.pdf  used on input line 490.
(pdftex.def)             Requested size: 338.057pt x 238.88826pt.


LaTeX Warning: `h' float specifier changed to `ht'.


LaTeX Warning: Citation `Berenstein2002' on page 15 undefined on input line 497
.


LaTeX Warning: Citation `Dasgupta2002' on page 15 undefined on input line 497.


LaTeX Warning: Citation `Lin2006' on page 15 undefined on input line 498.


LaTeX Warning: Citation `Itzhaki1998' on page 15 undefined on input line 502.


LaTeX Warning: Citation `Lin2006' on page 15 undefined on input line 502.

[15]

LaTeX Warning: Citation `Lin2006' on page 16 undefined on input line 506.

[16 <./zplane.png>]
<FiniteTForce.pdf, id=298, 480.79625pt x 225.84375pt>
File: FiniteTForce.pdf Graphic file (type pdf)
<use FiniteTForce.pdf>
Package pdftex.def Info: FiniteTForce.pdf  used on input line 546.
(pdftex.def)             Requested size: 230.77957pt x 108.40376pt.
<FiniteTpot.pdf, id=299, 480.79625pt x 228.855pt>
File: FiniteTpot.pdf Graphic file (type pdf)
<use FiniteTpot.pdf>
Package pdftex.def Info: FiniteTpot.pdf  used on input line 547.
(pdftex.def)             Requested size: 230.77957pt x 109.84914pt.


LaTeX Warning: `h' float specifier changed to `ht'.


LaTeX Warning: Citation `Lin2006a' on page 17 undefined on input line 552.

[17 <./bulk.pdf>]

LaTeX Warning: Citation `Hyakutake2014' on page 18 undefined on input line 554.



LaTeX Warning: Citation `Masanori2017' on page 18 undefined on input line 554.


LaTeX Warning: Citation `Masanori2017' on page 18 undefined on input line 554.


LaTeX Warning: Citation `Maldacena2018' on page 18 undefined on input line 562.



LaTeX Warning: Citation `Itzhaki1998' on page 18 undefined on input line 562.


LaTeX Warning: Citation `Peet2000' on page 18 undefined on input line 568.


LaTeX Warning: Citation `Hyakutake2014' on page 18 undefined on input line 568.


[18 <./FiniteTForce.pdf> <./FiniteTpot.pdf

pdfTeX warning: pdflatex (file ./FiniteTpot.pdf): PDF inclusion: multiple pdfs 
with page group included in a single page
>]

LaTeX Warning: Citation `Lin2006' on page 19 undefined on input line 570.

(draftforce_final.bbl) [19]
Package atveryend Info: Empty hook `BeforeClearDocument' on input line 587.
Package atveryend Info: Empty hook `AfterLastShipout' on input line 587.
 (draftforce_final.aux)
Package atveryend Info: Executing hook `AtVeryEndDocument' on input line 587.
Package atveryend Info: Executing hook `AtEndAfterFileList' on input line 587.
Package rerunfilecheck Info: File `draftforce_final.out' has not changed.
(rerunfilecheck)             Checksum: 1188BF5491B07A1349A16E764EB9F6AE;701.


LaTeX Warning: There were undefined references.

 ) 
Here is how much of TeX's memory you used:
 22927 strings out of 494414
 420325 string characters out of 3172753
 527608 words of memory out of 3000000
 26453 multiletter control sequences out of 15000+200000
 17577 words of font info for 76 fonts, out of 3000000 for 9000
 0 hyphenation exceptions out of 8191
 60i,13n,56p,1815b,389s stack positions out of 5000i,500n,10000p,200000b,50000s
</Users/stratos/Library/Application Support/MiKTeX/texmfs/install/fonts/type1
/public/amsfonts/cm/cmbx10.pfb></Users/stratos/Library/Application Support/MiKT
eX/texmfs/install/fonts/type1/public/amsfonts/cm/cmbx12.pfb></Users/stratos/Lib
rary/Application Support/MiKTeX/texmfs/install/fonts/type1/public/amsfonts/cm/c
mbx9.pfb></Users/stratos/Library/Application Support/MiKTeX/texmfs/install/font
s/type1/public/amsfonts/cm/cmex10.pfb></Users/stratos/Library/Application Suppo
rt/MiKTeX/texmfs/install/fonts/type1/public/amsfonts/cm/cmmi10.pfb></Users/stra
tos/Library/Application Support/MiKTeX/texmfs/install/fonts/type1/public/amsfon
ts/cm/cmmi12.pfb></Users/stratos/Library/Application Support/MiKTeX/texmfs/inst
all/fonts/type1/public/amsfonts/cm/cmmi6.pfb></Users/stratos/Library/Applicatio
n Support/MiKTeX/texmfs/install/fonts/type1/public/amsfonts/cm/cmmi8.pfb></User
s/stratos/Library/Application Support/MiKTeX/texmfs/install/fonts/type1/public/
amsfonts/cm/cmmi9.pfb></Users/stratos/Library/Application Support/MiKTeX/texmfs
/install/fonts/type1/public/amsfonts/cm/cmr10.pfb></Users/stratos/Library/Appli
cation Support/MiKTeX/texmfs/install/fonts/type1/public/amsfonts/cm/cmr12.pfb><
/Users/stratos/Library/Application Support/MiKTeX/texmfs/install/fonts/type1/pu
blic/amsfonts/cm/cmr17.pfb></Users/stratos/Library/Application Support/MiKTeX/t
exmfs/install/fonts/type1/public/amsfonts/cm/cmr5.pfb></Users/stratos/Library/A
pplication Support/MiKTeX/texmfs/install/fonts/type1/public/amsfonts/cm/cmr6.pf
b></Users/stratos/Library/Application Support/MiKTeX/texmfs/install/fonts/type1
/public/amsfonts/cm/cmr8.pfb></Users/stratos/Library/Application Support/MiKTeX
/texmfs/install/fonts/type1/public/amsfonts/cm/cmr9.pfb></Users/stratos/Library
/Application Support/MiKTeX/texmfs/install/fonts/type1/public/amsfonts/cm/cmsy1
0.pfb></Users/stratos/Library/Application Support/MiKTeX/texmfs/install/fonts/t
ype1/public/amsfonts/cm/cmsy6.pfb></Users/stratos/Library/Application Support/M
iKTeX/texmfs/install/fonts/type1/public/amsfonts/cm/cmsy8.pfb></Users/stratos/L
ibrary/Application Support/MiKTeX/texmfs/install/fonts/type1/public/amsfonts/cm
/cmsy9.pfb></Users/stratos/Library/Application Support/MiKTeX/texmfs/install/fo
nts/type1/public/amsfonts/cm/cmti10.pfb></Users/stratos/Library/Application Sup
port/MiKTeX/texmfs/install/fonts/type1/public/amsfonts/symbols/msam10.pfb></Use
rs/stratos/Library/Application Support/MiKTeX/texmfs/install/fonts/type1/public
/amsfonts/symbols/msbm10.pfb>
Output written on draftforce_final.pdf (19 pages, 695684 bytes).
PDF statistics:
 523 PDF objects out of 1000 (max. 8388607)
 116 named destinations out of 1000 (max. 500000)
 123 words of extra memory for PDF output out of 10000 (max. 10000000)

